// Jest Snapshot v1, https://goo.gl/fbAQLP

exports[`renders router only when rendered 1`] = `
<BrowserRouter>
  <Switch>
    <Route
      path="/"
    >
      <Home />
    </Route>
  </Switch>
</BrowserRouter>
`;
